..........................~~~~~~~~~~::::::::::::::;;;;;;;;;;;;;;;;;;;;;;;;;;;;;;;;;;:::::::::::::::
.........................~~~~~~~~~~:::::::::::::::;;;;;;;;;;;;;;;;;;;;;;;;;;;;;;;;;;:::::::::::::::
.........................~~~~~~~~~~:::::::::::::::;;;;;;;;;;;;;;;;;;;;;;;;;;;;;;;;;;:::::::::::::::
.......................~~~~~~~~~~:::::::::::::::::;;;;;;;;;;;;;;;;;;;;;;;;;;;;;;;;;;:::::::::::::::
........:::::::::::::::~~~~~~~~~~:::::::::::::::::;;;;;;;;;;;;;;;;;;;;;;;;;;;;;;;;;;:::::::::::::::
.........::::::::::::::~~~~~~~~~~:::::::::::::::::;;;;;;;;;;;;;;;;;;;;;;;;;;;;;;;;;;:::::::::::::::
.........::::::::::::::~~~~~~~~~~:::::::::::::::::;;;;;;;;;;;;;;;;;;;;;;;;;;;;;;;;;;:::::::::::::::
.......::::::::::::::::~~~~~~~~~~:::::::::::::::::;;;;;;;;;;;;;;;;;;;;;;;;;;;;;;;;;;:::::::::::::::
....::::::::::::::::::::~~~~~~~~~~::::::::::::::::;;;;;;;;;;;;;;;;;;;;;;;;;;;;;;;;;;:::::::::::::::
::::::::::::::::::::::::~~~~~~~~~~::::::::::::::::;;;;;;;;;;;;;;;;;;;;;;;;;;;;;;;;;;:::::::::::::::
::::::::::::::::::::::::~~~~~~~~~~::::::::::::::::;;;;;;;;;;;;;;;;;;;;;;;;;;;;;;;;;;:::::::::::::::
::::::::::::::::::::::::~~~~~~~~~~::::::::::::::::;;;;;;;;;;;;;;;;;;;;;;;;;;;;;;;;;;:::::::::::::::
::::::::::::::::::::::::~~~~~~~~~~::::::::::::::::;;;;;;;;;;;;;;;;;;;;;;;;;;;;;;;;;;:::::::::::::::
::::::::::::::::::::::::~~~~~~~~~~::::::::::::::::;;;;;;;;;;;;;;;;;;;;;;;;;;;;;;;;;;:::::::::::::::
::::::::::::::::::::::::~~~~~~~~~~::::::::::::::::;;;;;;;;;;;;;;;;;;;;;;;;;;;;;;;;;;:::::::::::::::
:::::::::::::::::::::::::~~~~~~~~~~:::::::::::::::;;;;;;;;;;;;;;;;;;;;;;;;;;;;;;;;;;:::::::::::::::
:::::::::::::::::::::::::::~~~~~~~~~~:::::::::::::;;;;;;;;;;;;;;;;;;;;;;;;;;;;;;;;;;:::::::::::::::
::::::::::::::::::::::::::::~~~~~~~~~~::::::::::::;;;;;;;;;;;;;;;;;;;;;;;;;;;;;;;;;;:::::::::::::::
::::::::::::::::::::::::::::::~~~~~~~~~~::::::::::;;;;;;;;;;;;;;;;;;;;;;;;;;;;;;;;;;:::::::::::::::
:::::::::::::::::::::::::::::::~~~~~~~~~~:::::::::;;;;;;;;;;;;;;;;;;;;;;;;;;;;;;;;;;:::::::::::::::
::::::::::::::::::::::::::::::::~~~~~~~~~~::::::::;;;;;;;;;;;;;;;;;;;;;;;;;;;;;;;;;;::::::::::::::.
::::::::::::::::::::::::::::::::~~~~~~~~~~::::::::;;;;;;;;;;;;;;;;;;;;;;;;;;;;;;;;;;::::::::::::...
:::::::::::::::::::::::::::::::::~~~~~~~~~~:::::::;;;;;;;;;;;;;;;;;;;;;;;;;;;;;;;;;;:::::::::......
::::::::::::::::::::::::::::::::~~~~~~~~~~::::::::;;;;;;;;;;;;;;;;;;;;;;;;;;;;;;;;;;:::::::........
::::::::::::::::::::::::::::::::~~~~~~~~~~::::::::;;;;;;;;;;;;;;;;;;;;;;;;;;;;;;;;;;:::::::::......
:::::::::::::::::::::::::::::::~~~~~~~~~~:::::::::;;;;;;;;;;;;;;;;;;;;;;;;;;;;;;;;;;::::::::.......
::::::::::::::::::::::::::::::~~~~~~~~~~::::::::::;;;;;;;;;;;;;;;;;;;;;;;;;;;;;;;;;;:::::::::::....
:::::::::::::::::::::::::::::~~~~~~~~~~:::::::::::;;;;;;;;;;;;;;;;;;;;;;;;;;;;;;;;;;:::::::::::::..
:::::::::::::::::::::::::::~~~~~~~~~~:::::::::::::;;;;;;;;;;;;;;;;;;;;;;;;;;;;;;;;;;:::::::::::::::
:::::::::::::::::::::::::~~~~~~~~~~:::::::::::::::;;;;;;;;;;;;;;;;;;;;;;;;;;;;;;;;;;:::::::::::::::
::::::::::::::::::::::::~~~~~~~~~~::::::::::::::::;;;;;;;;;;;;;;;;;;;;;;;;;;;;;;;;;;:::::::::::::::
:::::::::::::::::::::::~~~~~~~~~~:::::::::::::::::;;;;;;;;;;;;;;;;;;;;;;;;;;;;;;;;;;:::::::::::::::
:::::::::::::::::::::::~~~~~~~~~~:::::::::::::::::;;;;;;;;;;;;;;;;;;;;;;;;;;;;;;;;;;:::::::::::::::
:::::::::::::::::::::::~~~~~~~~~~:::::::::::::::::;;;;;;;;;;;;;;;;;;;;;;;;;;;;;;;;;;:::::::::::::::
:::::::::::::::::::::::~~~~~~~~~~~::::::::::::::::;;;;;;;;;;;;;;;;;;;;;;;;;;;;;;;;;;:::::::::::::::
:::::::::::::::::::::::~~~~~~~~~~~~:::::::::::::::;;;;;;;;;;;;;;;;;;;;;;;;;;;;;;;;;;:::::::::::::::
::::::::::::::::::::::::~~~~~~~~~~~~::::::::::::::;;;;;;;;;;;;;;;;;;;;;;;;;;;;;;;;;;:::::::::::::::
....:::::::::::::::::::::~~~~~~~~~~~:::::::::::::::::::::::::::::::::::::::::::::::::::::::::::::::
.......::::::::::::::::::::~~~~~~~~~~::::::::::::::::::::::::::::::::::::::::::::::::::::::::::::::
........::::::::::::::::::::~~~~~~~~~~:::::::::::::::::::::::::::::::::::::::::::::::::::::::::::::
..........::::::::::::::::::::~~~~~~~~~~:::::::::::::::::::::::::::::::::::::::::::::::::::::::::::
..............:::::::::::::::::~~~~~~~~~~~~::::::::::::::::::::::::::::::::::::::::::::::::::::::::
............:::::::::::::::::::~~~~~~~~~~~~::::::::::::::::::::::::::::::::::::::::::::::::::::::::
................:::::::::::::::~~~~~~~~~~~~~:::::::::::::::::::::::::::::::::::::::::::::::::::::::
...............::::::::::::::::~~~~~~~~~~~~~:::::::::::::::::::::::::::::::::::::::::::::::::::::::
..........::::::::::::::::::::~~~~~~~~~~~~~~:::::::::::::::::::::::::::::::::::::::::::::::::::::::
...........:::::::::::::::::::~~~~~~~~~~~~~~:::::::::::::::::::::::::::::::::::::::::::::::::::::::
..............::::::::::::::::~~~~~~~~~~~~~~:::::::::::::::::::::::::::::::::::::::::::::::::::::::
.................::::::::::::::~~~~~~~~~~~~~~~:::::::::::::::::::::::::::::::::::::::::::::::::::::
.................:::::::::::::::~~~~~~~~~~~~~~:::::::::::::::::::::::::::::::::::::::::::::::::::::
....................::::::::::::~~~~~~~~~~~~~~~::::::::::::::::::::::::::::::::::::::::::::::::::::
....................::::::::::::~~~~~~~~~~~~~~~::::::::::::::::::::::::::::::::::::::::::::::::::::
......................:::::::::::~~~~~~~~~~~~~~~:::::::::::::::::::::::::::::::::::::::::::::::::::
.................:::::::::::::::~~~~~~~~~~~~~~~~:::::::::::::::::::::::::::::::::::::::::::::::::::
...................:::::::::::::~~~~~~~~~~~~~~~~:::::::::::::::::::::::::::::::::::::::::::::::::::
...................:::::::::::::::~~~~~~~~~~~~~::::::::::::::::::::::::::::::::::::::::::::::::::::
.................:::::::::::::::::~~~~~~~~~~~~~::::::::::::::::::::::::::::::::::::::::::::::::::::
..................::::::::::::::::~~~~~~~~~~~~:::::::::::::::::::::::::::::::::::::::::::::::::::::
.............::::::::::::::::::::~~~~~~~~~~~~~:::::::::::::::::::::::::::::::::::::::::::::::::::::
...............::::::::::::::::::~~~~~~~~~~~~::::::::::::::::::::::::::::::::::::::::::::::::::::::
..............::::::::::::::::::~~~~~~~~~~~::::::::::::::::::::::::::::::::::::::::::::::::::::::::
..........::::::::::::::::::::::~~~~~~~~~~:::::::::::::::::::::::::::::::::::::::::::::::::::::::::
........::::::::::::::::::::::::~~~~~~~~~~:::::::::::::::::::::::::::::::::::::::::::::::::::::::::
.............:::::::::::::::::::~~~~~~~~~~:::::::::::::::::::::::::::::::::::::::::::::::::::::::::
...........:::::::::::::::::::~~~~~~~~~~~::::::::::::::::::::::::::::::::::::::::::::::::::::::::::
............::::::::::::::::::~~~~~~~~~~:::::::::::::::::::::::::::::::::::::::::::::::::::::::::::
.........::::::::::::::::::::~~~~~~~~~~::::::::::::::::::::::::::::::::::::::::::::::::::::::::::::
..........:::::::::::::::::::~~~~~~~~~~::::::::::::::::::::::::::::::::::::::::::::::::::::::::::::
..............::::::::::::::::~~~~~~~~~~:::::::::::::::::::::::::::::::::::::::::::::::::::::::::::
............::::::::::::::::::~~~~~~~~~~:::::::::::::::::::::::::::::::::::::::::::::::::::::::::::
.........::::::::::::::::::::~~~~~~~~~~::::::::::::::::::::::::::::::::::::::::::::::::::::::::::::
......:::::::::::::::::::::~~~~~~~~~~::::::::::::::::::::::::::::::::::::::::::::::::::::::::::::::
.......:::::::::::::::::::~~~~~~~~~~:::::::::::::::::::::::::::::::::::::::::::::::::::::::::::::::
..........:::::::::::::::~~~~~~~~~~::::::::::::::::::::::::::::::::::::::::::::::::::::::::::::::::
.........::::::::::::::~~~~~~~~~~~:::::::::::::::::::::::::::::::::::::::::::::::::::::::::::::::::
.......:::::::::::::::~~~~~~~~~~~::::::::::::::::::::::::::::::::::::::::::::::::::::::::::::::::::
..........::::::::::::~~~~~~~~~~:::::::::::::::::::::::::::::::::::::::::::::::::::::::::::::::::::
......::::::::::::::::~~~~~~~~~~:::::::::::::::::::::::::::::::::::::::::::::::::::::::::::::::::::
..........:::::::::::~~~~~~~~~~::::::::::::::::::::::::::::::::::::::::::::::::::::::::::::::::::::
........::::::::::::~~~~~~~~~~:::::::::::::::::::::::::::::::::::::::::::::::::::::::::::::::::::::
...........:::::::::~~~~~~~~~~:::::::::::::::::::::::::::::::::::::::::::::::::::::::::::::::::::::
.........::::::::::~~~~~~~~~~::::::::::::::::::::::::::::::::::::::::::::::::::::::::::::::::::::::
.....:::::::::::::~~~~~~~~~~:::::::::::::::::::::::::::::::::::::::::::::::::::::::::::::::::::::::
....::::::::::::~~~~~~~~~~::::::::::::::::::::::::::::::::::::::::::::::::::::::::::::::::::::::...
.......:::::::::~~~~~~~~~~:::::::::::::::::::::::::::::::::::::::::::::::::::::::::::::::::::......
..:::::::::::::~~~~~~~~~~::::::::::::::::::::::::::::::::::::::::::::::::::::::::::::::::::........
.::::::::::::::~~~~~~~~~~:::::::::::::::::::::::::::::::::::::::::::::::::::::::::::::::::::::.....
::::::::::::::~~~~~~~~~~::::::::::::::::::::::::::::::::::::::::::::::::::::::::::::::::::.........
:::::::::::::~~~~~~~~~~::::::::::::::::::::::::::::::::::::::::::::::::::::::::::::::::::::........
:::::::::::::~~~~~~~~~~::::::::::::::::::::::::::::::::::::::::::::::::::::::::::::::::::::::......
:::::::::::::~~~~~~~~~~:::::::::::::::::::::::::::::::::::::::::::::::::::::::::::::::::::.........
:::::::::::~~~~~~~~~~~:::::::::::::::::::::::::::::::::::::::::::::::::::::::::::::::::............
:::::::::::~~~~~~~~~~:::::::::::::::::::::::::::::::::::::::::::::::::::::::::::::::::.............
::::::::::~~~~~~~~~~::::::::::::::::::::::::::::::::::::::::::::::::::::::::::::::::::::::.........
::::::::~~~~~~~~~~~::::::::::::::::::::::::::::::::::::::::::::::::::::::::::::::::::::............
::::::::~~~~~~~~~~:::::::::::::::::::::::::::::::::::::::::::::::::::::::::::::::::::::::::........
:::::::~~~~~~~~~~::::::::::::::::::::::::::::::::::::::::::::::::::::::::::::::::::::::::..........
::::::~~~~~~~~~~:::::::::::::::::::::::::::::::::::::::::::::::::::::::::::::::::::::::::::........
:::::~~~~~~~~~~:::::::::::::::::::::::::::::::::::::::::::::::::::::::::::::::::::::::::::.........
::::~~~~~~~~~~:::::::::::::::::::::::::::::::::::::::::::::::::::::::::::::::::::::::::::::........
